// Jest Snapshot v1, https://goo.gl/fbAQLP

exports[`Link renders correctly 1`] = `
<a
  href="https://instagram.com"
  title="Go to instagram.com"
>
  Instagram
</a>
`;
